exports[`test Recipe detail ingredients renders correctly 1`] = `
<ul
  className="list-group cb-ingredient-list">
  <li
    className="list-group-item list-group-item-warning">
    <b>
      Skupina 1
    </b>
  </li>
  <li
    className="list-group-item">
    <div
      className="row">
      <div
        className="col-xs-3 text-right" />
      <div
        className="col-xs-9">
        sůl
      </div>
    </div>
  </li>
  <li
    className="list-group-item">
    <div
      className="row">
      <div
        className="col-xs-3 text-right">
        <b>
          1
           
          kg
        </b>
      </div>
      <div
        className="col-xs-9">
        maso
      </div>
    </div>
  </li>
  <li
    className="list-group-item">
    <div
      className="row">
      <div
        className="col-xs-3 text-right">
        <b>
           
          hrst
        </b>
      </div>
      <div
        className="col-xs-9">
        pepř
      </div>
    </div>
  </li>
</ul>
`;
